/*C25*/SET SCHEMA PUBLIC
\u000a    drop table if exists adresse cascade 
\u000a    drop table if exists personne cascade 
\u000a    drop table if exists personne_adresses cascade 
\u000a    create table adresse (\u000a        id integer generated by default as identity (start with 1),\u000a        adresse varchar(255),\u000a        primary key (id)\u000a    )
\u000a    create table personne (\u000a        id integer generated by default as identity (start with 1),\u000a        nom varchar(255),\u000a        prenom varchar(255),\u000a        primary key (id)\u000a    )
\u000a    create table personne_adresses (\u000a        adresses_id integer not null,\u000a        personne_id integer not null\u000a    )
\u000a    alter table personne_adresses \u000a       add constraint FKld4wr9ubj35tpx8tkidwk1jey \u000a       foreign key (adresses_id) \u000a       references adresse
\u000a    alter table personne_adresses \u000a       add constraint FKkxufvehr9bbk6jmipqxdm2tm8 \u000a       foreign key (personne_id) \u000a       references personne
\u000a    drop table if exists adresse cascade 
\u000a    drop table if exists personne cascade 
\u000a    drop table if exists personne_adresses cascade 
DISCONNECT
/*C26*/SET SCHEMA PUBLIC
DISCONNECT
/*C27*/SET SCHEMA PUBLIC
DISCONNECT
/*C28*/SET SCHEMA PUBLIC
DISCONNECT
/*C29*/SET SCHEMA PUBLIC
DISCONNECT
/*C30*/SET SCHEMA PUBLIC
DISCONNECT
/*C31*/SET SCHEMA PUBLIC
DISCONNECT
/*C32*/SET SCHEMA PUBLIC
DISCONNECT
/*C33*/SET SCHEMA PUBLIC
DISCONNECT
/*C34*/SET SCHEMA PUBLIC
DISCONNECT
/*C35*/SET SCHEMA PUBLIC
\u000a    drop table if exists adresse cascade 
\u000a    drop table if exists personne cascade 
\u000a    drop table if exists personne_adresses cascade 
\u000a    create table adresse (\u000a        id integer generated by default as identity (start with 1),\u000a        adresse varchar(255),\u000a        primary key (id)\u000a    )
\u000a    create table personne (\u000a        id integer generated by default as identity (start with 1),\u000a        nom varchar(255),\u000a        prenom varchar(255),\u000a        primary key (id)\u000a    )
\u000a    create table personne_adresses (\u000a        adresses_id integer not null,\u000a        personne_id integer not null\u000a    )
\u000a    alter table personne_adresses \u000a       add constraint FKld4wr9ubj35tpx8tkidwk1jey \u000a       foreign key (adresses_id) \u000a       references adresse
\u000a    alter table personne_adresses \u000a       add constraint FKkxufvehr9bbk6jmipqxdm2tm8 \u000a       foreign key (personne_id) \u000a       references personne
\u000a    drop table if exists adresse cascade 
\u000a    drop table if exists personne cascade 
\u000a    drop table if exists personne_adresses cascade 
DISCONNECT
/*C36*/SET SCHEMA PUBLIC
DISCONNECT
/*C37*/SET SCHEMA PUBLIC
DISCONNECT
/*C38*/SET SCHEMA PUBLIC
DISCONNECT
/*C39*/SET SCHEMA PUBLIC
DISCONNECT
/*C40*/SET SCHEMA PUBLIC
DISCONNECT
/*C41*/SET SCHEMA PUBLIC
DISCONNECT
/*C42*/SET SCHEMA PUBLIC
DISCONNECT
/*C43*/SET SCHEMA PUBLIC
DISCONNECT
/*C44*/SET SCHEMA PUBLIC
DISCONNECT
/*C45*/SET SCHEMA PUBLIC
\u000a    drop table if exists adresse cascade 
\u000a    drop table if exists personne cascade 
\u000a    drop table if exists personne_adresses cascade 
\u000a    create table adresse (\u000a        id integer generated by default as identity (start with 1),\u000a        adresse varchar(255),\u000a        primary key (id)\u000a    )
\u000a    create table personne (\u000a        id integer generated by default as identity (start with 1),\u000a        nom varchar(255),\u000a        prenom varchar(255),\u000a        primary key (id)\u000a    )
\u000a    create table personne_adresses (\u000a        adresses_id integer not null,\u000a        personne_id integer not null\u000a    )
\u000a    alter table personne_adresses \u000a       add constraint FKld4wr9ubj35tpx8tkidwk1jey \u000a       foreign key (adresses_id) \u000a       references adresse
\u000a    alter table personne_adresses \u000a       add constraint FKkxufvehr9bbk6jmipqxdm2tm8 \u000a       foreign key (personne_id) \u000a       references personne
INSERT INTO PERSONNE VALUES(1,'pisenti','teo')
COMMIT
INSERT INTO ADRESSE VALUES(1,'tr')
COMMIT
/*C55*/SET SCHEMA PUBLIC
\u000a    drop table if exists adresse cascade 
\u000a    drop table if exists personne cascade 
\u000a    drop table if exists personne_adresses cascade 
\u000a    create table adresse (\u000a        id integer generated by default as identity (start with 1),\u000a        adresse varchar(255),\u000a        primary key (id)\u000a    )
\u000a    create table personne (\u000a        id integer generated by default as identity (start with 1),\u000a        nom varchar(255),\u000a        prenom varchar(255),\u000a        primary key (id)\u000a    )
\u000a    create table personne_adresses (\u000a        adresses_id integer not null,\u000a        personne_id integer not null\u000a    )
\u000a    alter table personne_adresses \u000a       add constraint FKld4wr9ubj35tpx8tkidwk1jey \u000a       foreign key (adresses_id) \u000a       references adresse
\u000a    alter table personne_adresses \u000a       add constraint FKkxufvehr9bbk6jmipqxdm2tm8 \u000a       foreign key (personne_id) \u000a       references personne
\u000a    drop table if exists adresse cascade 
\u000a    drop table if exists personne cascade 
\u000a    drop table if exists personne_adresses cascade 
DISCONNECT
/*C56*/SET SCHEMA PUBLIC
DISCONNECT
/*C57*/SET SCHEMA PUBLIC
DISCONNECT
/*C58*/SET SCHEMA PUBLIC
DISCONNECT
/*C59*/SET SCHEMA PUBLIC
DISCONNECT
/*C60*/SET SCHEMA PUBLIC
DISCONNECT
/*C61*/SET SCHEMA PUBLIC
DISCONNECT
/*C62*/SET SCHEMA PUBLIC
DISCONNECT
/*C63*/SET SCHEMA PUBLIC
DISCONNECT
/*C64*/SET SCHEMA PUBLIC
DISCONNECT
/*C45*/\u000a    drop table if exists adresse cascade 
\u000a    drop table if exists personne cascade 
\u000a    drop table if exists personne_adresses cascade 
DISCONNECT
/*C46*/SET SCHEMA PUBLIC
DISCONNECT
/*C47*/SET SCHEMA PUBLIC
DISCONNECT
/*C48*/SET SCHEMA PUBLIC
DISCONNECT
/*C49*/SET SCHEMA PUBLIC
DISCONNECT
/*C50*/SET SCHEMA PUBLIC
DISCONNECT
/*C51*/SET SCHEMA PUBLIC
DISCONNECT
/*C52*/SET SCHEMA PUBLIC
DISCONNECT
/*C53*/SET SCHEMA PUBLIC
DISCONNECT
/*C54*/SET SCHEMA PUBLIC
DISCONNECT
/*C65*/SET SCHEMA PUBLIC
\u000a    drop table if exists adresse cascade 
\u000a    drop table if exists personne cascade 
\u000a    drop table if exists personne_adresses cascade 
\u000a    create table adresse (\u000a        id integer generated by default as identity (start with 1),\u000a        adresse varchar(255),\u000a        primary key (id)\u000a    )
\u000a    create table personne (\u000a        id integer generated by default as identity (start with 1),\u000a        nom varchar(255),\u000a        prenom varchar(255),\u000a        primary key (id)\u000a    )
\u000a    create table personne_adresses (\u000a        adresses_id integer not null,\u000a        personne_id integer not null\u000a    )
\u000a    alter table personne_adresses \u000a       add constraint FKld4wr9ubj35tpx8tkidwk1jey \u000a       foreign key (adresses_id) \u000a       references adresse
\u000a    alter table personne_adresses \u000a       add constraint FKkxufvehr9bbk6jmipqxdm2tm8 \u000a       foreign key (personne_id) \u000a       references personne
INSERT INTO PERSONNE VALUES(1,'pisenti','teo')
COMMIT
INSERT INTO ADRESSE VALUES(1,'tr')
COMMIT
INSERT INTO PERSONNE_ADRESSES VALUES(1,1)
COMMIT
