
*** Running vivado
    with args -log Nexys4_dec7seg.vds -m64 -product Vivado -mode batch -messageDb vivado.pb -notrace -source Nexys4_dec7seg.tcl


****** Vivado v2019.2 (64-bit)
  **** SW Build 2708876 on Wed Nov  6 21:39:14 MST 2019
  **** IP Build 2700528 on Thu Nov  7 00:09:20 MST 2019
    ** Copyright 1986-2019 Xilinx, Inc. All Rights Reserved.

source Nexys4_dec7seg.tcl -notrace
Command: synth_design -top Nexys4_dec7seg -part xc7a100tcsg324-1
Starting synth_design
Attempting to get a license for feature 'Synthesis' and/or device 'xc7a100t'
INFO: [Common 17-349] Got license for feature 'Synthesis' and/or device 'xc7a100t'
INFO: [Device 21-403] Loading part xc7a100tcsg324-1
INFO: Launching helper process for spawning children vivado processes
INFO: Helper process launched with PID 628069 
---------------------------------------------------------------------------------
Starting RTL Elaboration : Time (s): cpu = 00:00:02 ; elapsed = 00:00:02 . Memory (MB): peak = 1827.559 ; gain = 200.719 ; free physical = 2057 ; free virtual = 12708
---------------------------------------------------------------------------------
INFO: [Synth 8-638] synthesizing module 'Nexys4_dec7seg' [/home/ave9761/git_perso/2a/archi/vivado/additionneur_1bit/additionneur_1bit.srcs/sources_1/imports/dec7seg2025/Nexys4_dec7seg.vhd:17]
INFO: [Synth 8-3491] module 'dec7seg' declared at '/home/ave9761/git_perso/2a/archi/vivado/additionneur_1bit/additionneur_1bit.srcs/sources_1/imports/dec7seg2025/dec7seg.vhd:6' bound to instance 'Inst_dec7seg' of component 'dec7seg' [/home/ave9761/git_perso/2a/archi/vivado/additionneur_1bit/additionneur_1bit.srcs/sources_1/imports/dec7seg2025/Nexys4_dec7seg.vhd:32]
INFO: [Synth 8-638] synthesizing module 'dec7seg' [/home/ave9761/git_perso/2a/archi/vivado/additionneur_1bit/additionneur_1bit.srcs/sources_1/imports/dec7seg2025/dec7seg.vhd:13]
INFO: [Synth 8-256] done synthesizing module 'dec7seg' (1#1) [/home/ave9761/git_perso/2a/archi/vivado/additionneur_1bit/additionneur_1bit.srcs/sources_1/imports/dec7seg2025/dec7seg.vhd:13]
INFO: [Synth 8-256] done synthesizing module 'Nexys4_dec7seg' (2#1) [/home/ave9761/git_perso/2a/archi/vivado/additionneur_1bit/additionneur_1bit.srcs/sources_1/imports/dec7seg2025/Nexys4_dec7seg.vhd:17]
WARNING: [Synth 8-3917] design Nexys4_dec7seg has port an[7] driven by constant 1
WARNING: [Synth 8-3917] design Nexys4_dec7seg has port an[6] driven by constant 1
WARNING: [Synth 8-3917] design Nexys4_dec7seg has port an[5] driven by constant 1
WARNING: [Synth 8-3917] design Nexys4_dec7seg has port an[4] driven by constant 1
WARNING: [Synth 8-3917] design Nexys4_dec7seg has port an[3] driven by constant 1
WARNING: [Synth 8-3917] design Nexys4_dec7seg has port an[2] driven by constant 1
WARNING: [Synth 8-3917] design Nexys4_dec7seg has port an[1] driven by constant 1
WARNING: [Synth 8-3917] design Nexys4_dec7seg has port an[0] driven by constant 0
---------------------------------------------------------------------------------
Finished RTL Elaboration : Time (s): cpu = 00:00:02 ; elapsed = 00:00:03 . Memory (MB): peak = 1889.309 ; gain = 262.469 ; free physical = 2151 ; free virtual = 12795
---------------------------------------------------------------------------------

Report Check Netlist: 
+------+------------------+-------+---------+-------+------------------+
|      |Item              |Errors |Warnings |Status |Description       |
+------+------------------+-------+---------+-------+------------------+
|1     |multi_driven_nets |      0|        0|Passed |Multi driven nets |
+------+------------------+-------+---------+-------+------------------+
---------------------------------------------------------------------------------
Start Handling Custom Attributes
---------------------------------------------------------------------------------
---------------------------------------------------------------------------------
Finished Handling Custom Attributes : Time (s): cpu = 00:00:02 ; elapsed = 00:00:04 . Memory (MB): peak = 1889.309 ; gain = 262.469 ; free physical = 2149 ; free virtual = 12793
---------------------------------------------------------------------------------
---------------------------------------------------------------------------------
Finished RTL Optimization Phase 1 : Time (s): cpu = 00:00:02 ; elapsed = 00:00:04 . Memory (MB): peak = 1889.309 ; gain = 262.469 ; free physical = 2149 ; free virtual = 12793
---------------------------------------------------------------------------------
Netlist sorting complete. Time (s): cpu = 00:00:00 ; elapsed = 00:00:00 . Memory (MB): peak = 1889.309 ; gain = 0.000 ; free physical = 2141 ; free virtual = 12785
INFO: [Project 1-570] Preparing netlist for logic optimization

Processing XDC Constraints
Initializing timing engine
Parsing XDC File [/home/ave9761/git_perso/2a/archi/vivado/additionneur_1bit/additionneur_1bit.srcs/constrs_1/imports/dec7seg2025/Nexys4_DDR_dec7seg.xdc]
Finished Parsing XDC File [/home/ave9761/git_perso/2a/archi/vivado/additionneur_1bit/additionneur_1bit.srcs/constrs_1/imports/dec7seg2025/Nexys4_DDR_dec7seg.xdc]
INFO: [Project 1-236] Implementation specific constraints were found while reading constraint file [/home/ave9761/git_perso/2a/archi/vivado/additionneur_1bit/additionneur_1bit.srcs/constrs_1/imports/dec7seg2025/Nexys4_DDR_dec7seg.xdc]. These constraints will be ignored for synthesis but will be used in implementation. Impacted constraints are listed in the file [.Xil/Nexys4_dec7seg_propImpl.xdc].
Resolution: To avoid this warning, move constraints listed in [.Xil/Nexys4_dec7seg_propImpl.xdc] to another XDC file and exclude this new file from synthesis with the used_in_synthesis property (File Properties dialog in GUI) and re-run elaboration/synthesis.
Completed Processing XDC Constraints

Netlist sorting complete. Time (s): cpu = 00:00:00 ; elapsed = 00:00:00 . Memory (MB): peak = 2050.090 ; gain = 0.000 ; free physical = 2054 ; free virtual = 12704
INFO: [Project 1-111] Unisim Transformation Summary:
No Unisim elements were transformed.

Constraint Validation Runtime : Time (s): cpu = 00:00:00.01 ; elapsed = 00:00:00.01 . Memory (MB): peak = 2050.090 ; gain = 0.000 ; free physical = 2054 ; free virtual = 12704
---------------------------------------------------------------------------------
Finished Constraint Validation : Time (s): cpu = 00:00:05 ; elapsed = 00:00:07 . Memory (MB): peak = 2050.090 ; gain = 423.250 ; free physical = 2082 ; free virtual = 12751
---------------------------------------------------------------------------------
---------------------------------------------------------------------------------
Start Loading Part and Timing Information
---------------------------------------------------------------------------------
Loading part: xc7a100tcsg324-1
---------------------------------------------------------------------------------
Finished Loading Part and Timing Information : Time (s): cpu = 00:00:05 ; elapsed = 00:00:07 . Memory (MB): peak = 2050.090 ; gain = 423.250 ; free physical = 2082 ; free virtual = 12751
---------------------------------------------------------------------------------
---------------------------------------------------------------------------------
Start Applying 'set_property' XDC Constraints
---------------------------------------------------------------------------------
---------------------------------------------------------------------------------
Finished applying 'set_property' XDC Constraints : Time (s): cpu = 00:00:05 ; elapsed = 00:00:07 . Memory (MB): peak = 2050.090 ; gain = 423.250 ; free physical = 2083 ; free virtual = 12752
---------------------------------------------------------------------------------
---------------------------------------------------------------------------------
Finished RTL Optimization Phase 2 : Time (s): cpu = 00:00:05 ; elapsed = 00:00:07 . Memory (MB): peak = 2050.090 ; gain = 423.250 ; free physical = 2071 ; free virtual = 12740
---------------------------------------------------------------------------------

Report RTL Partitions: 
+-+--------------+------------+----------+
| |RTL Partition |Replication |Instances |
+-+--------------+------------+----------+
+-+--------------+------------+----------+
---------------------------------------------------------------------------------
Start RTL Component Statistics 
---------------------------------------------------------------------------------
Detailed RTL Component Info : 
+---XORs : 
	   2 Input      1 Bit         XORs := 2     
---------------------------------------------------------------------------------
Finished RTL Component Statistics 
---------------------------------------------------------------------------------
---------------------------------------------------------------------------------
Start RTL Hierarchical Component Statistics 
---------------------------------------------------------------------------------
Hierarchical RTL Component report 
Module dec7seg 
Detailed RTL Component Info : 
+---XORs : 
	   2 Input      1 Bit         XORs := 2     
---------------------------------------------------------------------------------
Finished RTL Hierarchical Component Statistics
---------------------------------------------------------------------------------
---------------------------------------------------------------------------------
Start Part Resource Summary
---------------------------------------------------------------------------------
Part Resources:
DSPs: 240 (col length:80)
BRAMs: 270 (col length: RAMB18 80 RAMB36 40)
---------------------------------------------------------------------------------
Finished Part Resource Summary
---------------------------------------------------------------------------------
---------------------------------------------------------------------------------
Start Cross Boundary and Area Optimization
---------------------------------------------------------------------------------
Warning: Parallel synthesis criteria is not met 
WARNING: [Synth 8-3917] design Nexys4_dec7seg has port an[7] driven by constant 1
WARNING: [Synth 8-3917] design Nexys4_dec7seg has port an[6] driven by constant 1
WARNING: [Synth 8-3917] design Nexys4_dec7seg has port an[5] driven by constant 1
WARNING: [Synth 8-3917] design Nexys4_dec7seg has port an[4] driven by constant 1
WARNING: [Synth 8-3917] design Nexys4_dec7seg has port an[3] driven by constant 1
WARNING: [Synth 8-3917] design Nexys4_dec7seg has port an[2] driven by constant 1
WARNING: [Synth 8-3917] design Nexys4_dec7seg has port an[1] driven by constant 1
WARNING: [Synth 8-3917] design Nexys4_dec7seg has port an[0] driven by constant 0
WARNING: [Synth 8-3917] design Nexys4_dec7seg has port seg[7] driven by constant 1
---------------------------------------------------------------------------------
Finished Cross Boundary and Area Optimization : Time (s): cpu = 00:00:06 ; elapsed = 00:00:08 . Memory (MB): peak = 2050.090 ; gain = 423.250 ; free physical = 2052 ; free virtual = 12725
---------------------------------------------------------------------------------

Report RTL Partitions: 
+-+--------------+------------+----------+
| |RTL Partition |Replication |Instances |
+-+--------------+------------+----------+
+-+--------------+------------+----------+
---------------------------------------------------------------------------------
Start Applying XDC Timing Constraints
---------------------------------------------------------------------------------
---------------------------------------------------------------------------------
Finished Applying XDC Timing Constraints : Time (s): cpu = 00:00:08 ; elapsed = 00:00:11 . Memory (MB): peak = 2050.090 ; gain = 423.250 ; free physical = 1898 ; free virtual = 12588
---------------------------------------------------------------------------------
---------------------------------------------------------------------------------
Start Timing Optimization
---------------------------------------------------------------------------------
---------------------------------------------------------------------------------
Finished Timing Optimization : Time (s): cpu = 00:00:08 ; elapsed = 00:00:11 . Memory (MB): peak = 2050.090 ; gain = 423.250 ; free physical = 1898 ; free virtual = 12588
---------------------------------------------------------------------------------

Report RTL Partitions: 
+-+--------------+------------+----------+
| |RTL Partition |Replication |Instances |
+-+--------------+------------+----------+
+-+--------------+------------+----------+
---------------------------------------------------------------------------------
Start Technology Mapping
---------------------------------------------------------------------------------
---------------------------------------------------------------------------------
Finished Technology Mapping : Time (s): cpu = 00:00:08 ; elapsed = 00:00:11 . Memory (MB): peak = 2050.090 ; gain = 423.250 ; free physical = 1904 ; free virtual = 12594
---------------------------------------------------------------------------------

Report RTL Partitions: 
+-+--------------+------------+----------+
| |RTL Partition |Replication |Instances |
+-+--------------+------------+----------+
+-+--------------+------------+----------+
---------------------------------------------------------------------------------
Start IO Insertion
---------------------------------------------------------------------------------
---------------------------------------------------------------------------------
Start Flattening Before IO Insertion
---------------------------------------------------------------------------------
---------------------------------------------------------------------------------
Finished Flattening Before IO Insertion
---------------------------------------------------------------------------------
---------------------------------------------------------------------------------
Start Final Netlist Cleanup
---------------------------------------------------------------------------------
---------------------------------------------------------------------------------
Finished Final Netlist Cleanup
---------------------------------------------------------------------------------
---------------------------------------------------------------------------------
Finished IO Insertion : Time (s): cpu = 00:00:09 ; elapsed = 00:00:12 . Memory (MB): peak = 2050.090 ; gain = 423.250 ; free physical = 1915 ; free virtual = 12595
---------------------------------------------------------------------------------
---------------------------------------------------------------------------------
Start Renaming Generated Instances
---------------------------------------------------------------------------------
---------------------------------------------------------------------------------
Finished Renaming Generated Instances : Time (s): cpu = 00:00:09 ; elapsed = 00:00:12 . Memory (MB): peak = 2050.090 ; gain = 423.250 ; free physical = 1915 ; free virtual = 12595
---------------------------------------------------------------------------------

Report RTL Partitions: 
+-+--------------+------------+----------+
| |RTL Partition |Replication |Instances |
+-+--------------+------------+----------+
+-+--------------+------------+----------+

Report Check Netlist: 
+------+------------------+-------+---------+-------+------------------+
|      |Item              |Errors |Warnings |Status |Description       |
+------+------------------+-------+---------+-------+------------------+
|1     |multi_driven_nets |      0|        0|Passed |Multi driven nets |
+------+------------------+-------+---------+-------+------------------+
---------------------------------------------------------------------------------
Start Rebuilding User Hierarchy
---------------------------------------------------------------------------------
---------------------------------------------------------------------------------
Finished Rebuilding User Hierarchy : Time (s): cpu = 00:00:09 ; elapsed = 00:00:12 . Memory (MB): peak = 2050.090 ; gain = 423.250 ; free physical = 1915 ; free virtual = 12595
---------------------------------------------------------------------------------
---------------------------------------------------------------------------------
Start Renaming Generated Ports
---------------------------------------------------------------------------------
---------------------------------------------------------------------------------
Finished Renaming Generated Ports : Time (s): cpu = 00:00:09 ; elapsed = 00:00:12 . Memory (MB): peak = 2050.090 ; gain = 423.250 ; free physical = 1915 ; free virtual = 12595
---------------------------------------------------------------------------------
---------------------------------------------------------------------------------
Start Handling Custom Attributes
---------------------------------------------------------------------------------
---------------------------------------------------------------------------------
Finished Handling Custom Attributes : Time (s): cpu = 00:00:09 ; elapsed = 00:00:12 . Memory (MB): peak = 2050.090 ; gain = 423.250 ; free physical = 1915 ; free virtual = 12595
---------------------------------------------------------------------------------
---------------------------------------------------------------------------------
Start Renaming Generated Nets
---------------------------------------------------------------------------------
---------------------------------------------------------------------------------
Finished Renaming Generated Nets : Time (s): cpu = 00:00:09 ; elapsed = 00:00:12 . Memory (MB): peak = 2050.090 ; gain = 423.250 ; free physical = 1915 ; free virtual = 12595
---------------------------------------------------------------------------------
---------------------------------------------------------------------------------
Start Writing Synthesis Report
---------------------------------------------------------------------------------

Report BlackBoxes: 
+-+--------------+----------+
| |BlackBox name |Instances |
+-+--------------+----------+
+-+--------------+----------+

Report Cell Usage: 
+------+-----+------+
|      |Cell |Count |
+------+-----+------+
|1     |LUT4 |     7|
|2     |IBUF |     4|
|3     |OBUF |    16|
+------+-----+------+

Report Instance Areas: 
+------+---------------+--------+------+
|      |Instance       |Module  |Cells |
+------+---------------+--------+------+
|1     |top            |        |    27|
|2     |  Inst_dec7seg |dec7seg |     7|
+------+---------------+--------+------+
---------------------------------------------------------------------------------
Finished Writing Synthesis Report : Time (s): cpu = 00:00:09 ; elapsed = 00:00:12 . Memory (MB): peak = 2050.090 ; gain = 423.250 ; free physical = 1915 ; free virtual = 12595
---------------------------------------------------------------------------------
Synthesis finished with 0 errors, 0 critical warnings and 9 warnings.
Synthesis Optimization Runtime : Time (s): cpu = 00:00:08 ; elapsed = 00:00:11 . Memory (MB): peak = 2050.090 ; gain = 262.469 ; free physical = 1954 ; free virtual = 12634
Synthesis Optimization Complete : Time (s): cpu = 00:00:09 ; elapsed = 00:00:12 . Memory (MB): peak = 2050.090 ; gain = 423.250 ; free physical = 1954 ; free virtual = 12634
INFO: [Project 1-571] Translating synthesized netlist
Netlist sorting complete. Time (s): cpu = 00:00:00 ; elapsed = 00:00:00 . Memory (MB): peak = 2050.090 ; gain = 0.000 ; free physical = 2012 ; free virtual = 12692
INFO: [Project 1-570] Preparing netlist for logic optimization
INFO: [Opt 31-138] Pushed 0 inverter(s) to 0 load pin(s).
Netlist sorting complete. Time (s): cpu = 00:00:00 ; elapsed = 00:00:00 . Memory (MB): peak = 2050.090 ; gain = 0.000 ; free physical = 1964 ; free virtual = 12654
INFO: [Project 1-111] Unisim Transformation Summary:
No Unisim elements were transformed.

INFO: [Common 17-83] Releasing license: Synthesis
15 Infos, 17 Warnings, 0 Critical Warnings and 0 Errors encountered.
synth_design completed successfully
synth_design: Time (s): cpu = 00:00:13 ; elapsed = 00:00:25 . Memory (MB): peak = 2050.090 ; gain = 603.535 ; free physical = 2036 ; free virtual = 12726
Netlist sorting complete. Time (s): cpu = 00:00:00 ; elapsed = 00:00:00 . Memory (MB): peak = 2050.090 ; gain = 0.000 ; free physical = 2036 ; free virtual = 12726
WARNING: [Constraints 18-5210] No constraints selected for write.
Resolution: This message can indicate that there are no constraints for the design, or it can indicate that the used_in flags are set such that the constraints are ignored. This later case is used when running synth_design to not write synthesis constraints to the resulting checkpoint. Instead, project constraints are read when the synthesized design is opened.
INFO: [Common 17-1381] The checkpoint '/home/ave9761/git_perso/2a/archi/vivado/additionneur_1bit/additionneur_1bit.runs/synth_1/Nexys4_dec7seg.dcp' has been generated.
INFO: [runtcl-4] Executing : report_utilization -file Nexys4_dec7seg_utilization_synth.rpt -pb Nexys4_dec7seg_utilization_synth.pb
INFO: [Common 17-206] Exiting Vivado at Wed Oct  1 08:29:53 2025...
