/*C5*/SET SCHEMA PUBLIC
drop table Adresse if exists
drop table Personne if exists
DISCONNECT
/*C6*/SET SCHEMA PUBLIC
drop table Adresse if exists
drop table Personne if exists
create table Personne (\u000a    id\u0009      integer generated by default as identity (start with 1, increment by 1) not null,\u000a    nom       varchar(30)      not null,\u000a    prenom    varchar(30)      not null,\u000a    adresses  integer array,\u000a    primary key (id)\u000a  )
create table Adresse (\u000a    id\u0009      integer generated by default as identity (start with 1, increment by 1) not null,\u000a    adresse           varchar(100)      not null,\u000a    primary key (id)\u000a  )
DISCONNECT
/*C4*/SET SCHEMA PUBLIC
DISCONNECT
/*C7*/SET SCHEMA PUBLIC
INSERT INTO PERSONNE VALUES(1,'verbeke','aurelien',NULL)
COMMIT
DISCONNECT
/*C8*/SET SCHEMA PUBLIC
DELETE FROM PERSONNE WHERE ID=1
INSERT INTO PERSONNE VALUES(1,'verbeke','aurelien',NULL)
COMMIT
DELETE FROM PERSONNE WHERE ID=1
INSERT INTO PERSONNE VALUES(1,'verbeke','aurelien', ARRAY[])
COMMIT
DELETE FROM PERSONNE WHERE ID=1
INSERT INTO PERSONNE VALUES(1,'verbeke','aurelien', ARRAY[3])
COMMIT
DELETE FROM PERSONNE WHERE ID=1
INSERT INTO PERSONNE VALUES(1,'verbeke','aurelien', ARRAY[3,5])
COMMIT
INSERT INTO ADRESSE VALUES(1,'caca')
COMMIT
INSERT INTO ADRESSE VALUES(2,'pipi')
COMMIT
INSERT INTO ADRESSE VALUES(3,'chez aurelien')
COMMIT
INSERT INTO ADRESSE VALUES(4,'chez prune')
COMMIT
INSERT INTO ADRESSE VALUES(5,'chez arthur')
COMMIT
DISCONNECT
/*C9*/SET SCHEMA PUBLIC
INSERT INTO PERSONNE VALUES(2,'pisenti','teo', ARRAY[])
COMMIT
/*C10*/SET SCHEMA PUBLIC
DISCONNECT
/*C11*/SET SCHEMA PUBLIC
DISCONNECT
/*C12*/SET SCHEMA PUBLIC
INSERT INTO PERSONNE VALUES(3,'sauvezie','arthur', ARRAY[])
COMMIT
INSERT INTO ADRESSE VALUES(6,'oula')
COMMIT
DISCONNECT
/*C13*/SET SCHEMA PUBLIC
DISCONNECT
/*C14*/SET SCHEMA PUBLIC
DISCONNECT
/*C15*/SET SCHEMA PUBLIC
DISCONNECT
/*C16*/SET SCHEMA PUBLIC
DISCONNECT
/*C17*/SET SCHEMA PUBLIC
DISCONNECT
/*C18*/SET SCHEMA PUBLIC
DISCONNECT
/*C19*/SET SCHEMA PUBLIC
DISCONNECT
/*C20*/SET SCHEMA PUBLIC
DISCONNECT
