#-----------------------------------------------------------
# Vivado v2019.2 (64-bit)
# SW Build 2708876 on Wed Nov  6 21:39:14 MST 2019
# IP Build 2700528 on Thu Nov  7 00:09:20 MST 2019
# Start of session at: Thu Oct  9 17:36:45 2025
# Process ID: 2588129
# Current directory: /home/ave9761/git_perso/2a/archi/vivado
# Command line: vivado
# Log file: /home/ave9761/git_perso/2a/archi/vivado/vivado.log
# Journal file: /home/ave9761/git_perso/2a/archi/vivado/vivado.jou
#-----------------------------------------------------------
start_gui
open_project /home/ave9761/git_perso/2a/archi/vivado/dec7seg_full/dec7seg_full.xpr
Scanning sources...
Finished scanning sources
INFO: [IP_Flow 19-234] Refreshing IP repositories
INFO: [IP_Flow 19-1704] No user IP repositories specified
INFO: [IP_Flow 19-2313] Loaded Vivado IP repository '/mnt/n7fs/applications/2025/vivado-2019/Vivado/2019.2/data/ip'.
update_compile_order -fileset sources_1
import_files /home/ave9761/git_perso/2a/archi/tp3-4/fonctionnel_complet/dec7seg_full.vhd
import_files -norecurse {/home/ave9761/git_perso/2a/archi/tp3-4/fonctionnel_complet/compteur.vhd /home/ave9761/git_perso/2a/archi/tp3-4/composants/dec7seg.vhd /home/ave9761/git_perso/2a/archi/tp3-4/composants/mux8_to_1.vhd /home/ave9761/git_perso/2a/archi/tp3-4/composants/decalage.vhd /home/ave9761/git_perso/2a/archi/tp3-4/diviseurClk/diviseurClk.vhd}
update_compile_order -fileset sources_1
update_files -from_files /home/ave9761/git_perso/2a/archi/tp3-4/fonctionnel_complet/dec7seg_full.vhd -to_files /home/ave9761/git_perso/2a/archi/vivado/dec7seg_full/dec7seg_full.srcs/sources_1/imports/fonctionnel_complet/dec7seg_full.vhd -filesets [get_filesets *]
INFO: [filemgmt 20-762] Replacing file '/home/ave9761/git_perso/2a/archi/vivado/dec7seg_full/dec7seg_full.srcs/sources_1/imports/fonctionnel_complet/dec7seg_full.vhd' with file '/home/ave9761/git_perso/2a/archi/tp3-4/fonctionnel_complet/dec7seg_full.vhd'.
INFO: [filemgmt 20-1080] Importing file from '/home/ave9761/git_perso/2a/archi/tp3-4/fonctionnel_complet/dec7seg_full.vhd' to '/home/ave9761/git_perso/2a/archi/vivado/dec7seg_full/dec7seg_full.srcs/sources_1/imports/fonctionnel_complet/dec7seg_full.vhd'.
import_files -norecurse /home/ave9761/git_perso/2a/archi/tp3-4/fonctionnel_complet/Nexys4_dec7seg_full.vhd
update_compile_order -fileset sources_1
set_property top Nexys4 [current_fileset]
update_compile_order -fileset sources_1
