#-----------------------------------------------------------
# Vivado v2019.2 (64-bit)
# SW Build 2708876 on Wed Nov  6 21:39:14 MST 2019
# IP Build 2700528 on Thu Nov  7 00:09:20 MST 2019
# Start of session at: Thu Oct  9 11:30:44 2025
# Process ID: 2378265
# Current directory: /home/ave9761/git_perso/2a/archi/vivado
# Command line: vivado
# Log file: /home/ave9761/git_perso/2a/archi/vivado/vivado.log
# Journal file: /home/ave9761/git_perso/2a/archi/vivado/vivado.jou
#-----------------------------------------------------------
start_gui
open_project /home/ave9761/git_perso/2a/archi/vivado/dec7seg_full/dec7seg_full.xpr
Scanning sources...
Finished scanning sources
INFO: [IP_Flow 19-234] Refreshing IP repositories
INFO: [IP_Flow 19-1704] No user IP repositories specified
INFO: [IP_Flow 19-2313] Loaded Vivado IP repository '/mnt/n7fs/applications/2025/vivado-2019/Vivado/2019.2/data/ip'.
open_project: Time (s): cpu = 00:00:07 ; elapsed = 00:00:06 . Memory (MB): peak = 6476.953 ; gain = 74.332 ; free physical = 330 ; free virtual = 13002
update_compile_order -fileset sources_1
update_files -from_files /home/ave9761/git_perso/2a/archi/tp3-4/fonctionnel_complet/dec7seg_full.vhd -to_files /home/ave9761/git_perso/2a/archi/vivado/dec7seg_full/dec7seg_full.srcs/sources_1/new/dec7seg_full.vhd -filesets [get_filesets *]
INFO: [filemgmt 20-762] Replacing file '/home/ave9761/git_perso/2a/archi/vivado/dec7seg_full/dec7seg_full.srcs/sources_1/new/dec7seg_full.vhd' with file '/home/ave9761/git_perso/2a/archi/tp3-4/fonctionnel_complet/dec7seg_full.vhd'.
exit
INFO: [Common 17-206] Exiting Vivado at Thu Oct  9 11:45:27 2025...
