#-----------------------------------------------------------
# Vivado v2019.2 (64-bit)
# SW Build 2708876 on Wed Nov  6 21:39:14 MST 2019
# IP Build 2700528 on Thu Nov  7 00:09:20 MST 2019
# Start of session at: Tue Oct  7 14:07:29 2025
# Process ID: 1522768
# Current directory: /home/ave9761/git_perso/2a/archi/vivado
# Command line: vivado
# Log file: /home/ave9761/git_perso/2a/archi/vivado/vivado.log
# Journal file: /home/ave9761/git_perso/2a/archi/vivado/vivado.jou
#-----------------------------------------------------------
start_gui
create_project compteur /home/ave9761/git_perso/2a/archi/vivado/compteur -part xc7a100tcsg324-1
INFO: [IP_Flow 19-234] Refreshing IP repositories
INFO: [IP_Flow 19-1704] No user IP repositories specified
INFO: [IP_Flow 19-2313] Loaded Vivado IP repository '/mnt/n7fs/applications/2025/vivado-2019/Vivado/2019.2/data/ip'.
set_property target_language VHDL [current_project]
set_property simulator_language VHDL [current_project]
add_files -norecurse /home/ave9761/git_perso/2a/archi/tp3/compteur/compteur_tb.vhd
import_files -force -norecurse
INFO: [filemgmt 20-348] Importing the appropriate files for fileset: 'sources_1'
update_compile_order -fileset sources_1
file mkdir /home/ave9761/git_perso/2a/archi/vivado/compteur/compteur.srcs/sources_1/new
close [ open /home/ave9761/git_perso/2a/archi/vivado/compteur/compteur.srcs/sources_1/new/compteur.vhd w ]
add_files /home/ave9761/git_perso/2a/archi/vivado/compteur/compteur.srcs/sources_1/new/compteur.vhd
update_compile_order -fileset sources_1
export_ip_user_files -of_objects  [get_files /home/ave9761/git_perso/2a/archi/vivado/compteur/compteur.srcs/sources_1/new/compteur.vhd] -no_script -reset -force -quiet
remove_files  /home/ave9761/git_perso/2a/archi/vivado/compteur/compteur.srcs/sources_1/new/compteur.vhd
close [ open /home/ave9761/git_perso/2a/archi/vivado/compteur/compteur.srcs/sources_1/new/compteur.vhd w ]
add_files /home/ave9761/git_perso/2a/archi/vivado/compteur/compteur.srcs/sources_1/new/compteur.vhd
update_compile_order -fileset sources_1
WARNING: [IP_Flow 19-3899] Cannot get the environment domain name variable for the component vendor name. Setting the vendor name to 'user.org'.
update_compile_order -fileset sources_1
launch_simulation
Command: launch_simulation 
INFO: [Vivado 12-5682] Launching behavioral simulation in '/home/ave9761/git_perso/2a/archi/vivado/compteur/compteur.sim/sim_1/behav/xsim'
INFO: [SIM-utils-51] Simulation object is 'sim_1'
INFO: [SIM-utils-54] Inspecting design source files for 'compteur_tb' in fileset 'sim_1'...
INFO: [USF-XSim-97] Finding global include files...
INFO: [USF-XSim-98] Fetching design files from 'sim_1'...
INFO: [USF-XSim-2] XSim::Compile design
INFO: [USF-XSim-61] Executing 'COMPILE and ANALYZE' step in '/home/ave9761/git_perso/2a/archi/vivado/compteur/compteur.sim/sim_1/behav/xsim'
xvhdl --incr --relax -prj compteur_tb_vhdl.prj
INFO: [VRFC 10-163] Analyzing VHDL file "/home/ave9761/git_perso/2a/archi/vivado/compteur/compteur.srcs/sources_1/new/compteur.vhd" into library xil_defaultlib
INFO: [VRFC 10-3107] analyzing entity 'compteur'
INFO: [VRFC 10-163] Analyzing VHDL file "/home/ave9761/git_perso/2a/archi/vivado/compteur/compteur.srcs/sources_1/imports/compteur/compteur_tb.vhd" into library xil_defaultlib
INFO: [VRFC 10-3107] analyzing entity 'compteur_tb'
INFO: [USF-XSim-69] 'compile' step finished in '1' seconds
INFO: [USF-XSim-3] XSim::Elaborate design
INFO: [USF-XSim-61] Executing 'ELABORATE' step in '/home/ave9761/git_perso/2a/archi/vivado/compteur/compteur.sim/sim_1/behav/xsim'
xelab -wto 6d88240a92c64e00831998612ef16cae --incr --debug typical --relax --mt 8 -L xil_defaultlib -L secureip --snapshot compteur_tb_behav xil_defaultlib.compteur_tb -log elaborate.log
Vivado Simulator 2019.2
Copyright 1986-1999, 2001-2019 Xilinx, Inc. All Rights Reserved.
Running: /mnt/n7fs/applications/2025/vivado-2019/Vivado/2019.2/bin/unwrapped/lnx64.o/xelab -wto 6d88240a92c64e00831998612ef16cae --incr --debug typical --relax --mt 8 -L xil_defaultlib -L secureip --snapshot compteur_tb_behav xil_defaultlib.compteur_tb -log elaborate.log 
Using 8 slave threads.
Starting static elaboration
Completed static elaboration
Starting simulation data flow analysis
Completed simulation data flow analysis
Time Resolution for simulation is 1ps
Compiling package std.standard
Compiling package std.textio
Compiling package ieee.std_logic_1164
Compiling package ieee.std_logic_arith
Compiling package ieee.std_logic_unsigned
Compiling architecture behavioral of entity xil_defaultlib.compteur [compteur_default]
Compiling architecture behavioral of entity xil_defaultlib.compteur_tb
Built simulation snapshot compteur_tb_behav

****** Webtalk v2019.2 (64-bit)
  **** SW Build 2708876 on Wed Nov  6 21:39:14 MST 2019
  **** IP Build 2700528 on Thu Nov  7 00:09:20 MST 2019
    ** Copyright 1986-2019 Xilinx, Inc. All Rights Reserved.

source /home/ave9761/git_perso/2a/archi/vivado/compteur/compteur.sim/sim_1/behav/xsim/xsim.dir/compteur_tb_behav/webtalk/xsim_webtalk.tcl -notrace
INFO: [Common 17-206] Exiting Webtalk at Tue Oct  7 15:08:53 2025...
INFO: [USF-XSim-69] 'elaborate' step finished in '2' seconds
INFO: [USF-XSim-4] XSim::Simulate design
INFO: [USF-XSim-61] Executing 'SIMULATE' step in '/home/ave9761/git_perso/2a/archi/vivado/compteur/compteur.sim/sim_1/behav/xsim'
INFO: [USF-XSim-98] *** Running xsim
   with args "compteur_tb_behav -key {Behavioral:sim_1:Functional:compteur_tb} -tclbatch {compteur_tb.tcl} -log {simulate.log}"
INFO: [USF-XSim-8] Loading simulator feature
Vivado Simulator 2019.2
Time resolution is 1 ps
source compteur_tb.tcl
# set curr_wave [current_wave_config]
# if { [string length $curr_wave] == 0 } {
#   if { [llength [get_objects]] > 0} {
#     add_wave /
#     set_property needs_save false [current_wave_config]
#   } else {
#      send_msg_id Add_Wave-1 WARNING "No top level signals found. Simulator will start without a wave window. If you want to open a wave window go to 'File->New Waveform Configuration' or type 'create_wave_config' in the TCL console."
#   }
# }
# run 1000ns
INFO: [USF-XSim-96] XSim completed. Design snapshot 'compteur_tb_behav' loaded.
INFO: [USF-XSim-97] XSim simulation ran for 1000ns
launch_simulation: Time (s): cpu = 00:00:05 ; elapsed = 00:00:06 . Memory (MB): peak = 7208.883 ; gain = 233.508 ; free physical = 1618 ; free virtual = 13398
close_sim
INFO: [Simtcl 6-16] Simulation closed
close_project
create_project diviseur_clk /home/ave9761/git_perso/2a/archi/vivado/diviseur_clk -part xc7a100tcsg324-1
INFO: [IP_Flow 19-234] Refreshing IP repositories
INFO: [IP_Flow 19-1704] No user IP repositories specified
INFO: [IP_Flow 19-2313] Loaded Vivado IP repository '/mnt/n7fs/applications/2025/vivado-2019/Vivado/2019.2/data/ip'.
set_property target_language VHDL [current_project]
set_property simulator_language VHDL [current_project]
add_files -norecurse {/home/ave9761/git_perso/2a/archi/tp3/diviseurClk/diviseurClk_tb.vhd /home/ave9761/git_perso/2a/archi/tp3/diviseurClk/diviseurClk.vhd}
import_files -force -norecurse
INFO: [filemgmt 20-348] Importing the appropriate files for fileset: 'sources_1'
update_compile_order -fileset sources_1
update_compile_order -fileset sources_1
import_files -norecurse /home/ave9761/git_perso/2a/archi/vivado/compteur/compteur.srcs/sources_1/new/compteur.vhd
update_compile_order -fileset sources_1
update_compile_order -fileset sources_1
export_ip_user_files -of_objects  [get_files /home/ave9761/git_perso/2a/archi/vivado/diviseur_clk/diviseur_clk.srcs/sources_1/imports/new/compteur.vhd] -no_script -reset -force -quiet
remove_files  /home/ave9761/git_perso/2a/archi/vivado/diviseur_clk/diviseur_clk.srcs/sources_1/imports/new/compteur.vhd
launch_simulation
Command: launch_simulation 
INFO: [Vivado 12-5682] Launching behavioral simulation in '/home/ave9761/git_perso/2a/archi/vivado/diviseur_clk/diviseur_clk.sim/sim_1/behav/xsim'
INFO: [SIM-utils-51] Simulation object is 'sim_1'
INFO: [SIM-utils-54] Inspecting design source files for 'diviseurClk_tb' in fileset 'sim_1'...
INFO: [USF-XSim-97] Finding global include files...
INFO: [USF-XSim-98] Fetching design files from 'sim_1'...
INFO: [USF-XSim-2] XSim::Compile design
INFO: [USF-XSim-61] Executing 'COMPILE and ANALYZE' step in '/home/ave9761/git_perso/2a/archi/vivado/diviseur_clk/diviseur_clk.sim/sim_1/behav/xsim'
xvhdl --incr --relax -prj diviseurClk_tb_vhdl.prj
INFO: [VRFC 10-163] Analyzing VHDL file "/home/ave9761/git_perso/2a/archi/vivado/diviseur_clk/diviseur_clk.srcs/sources_1/imports/diviseurClk/diviseurClk.vhd" into library xil_defaultlib
INFO: [VRFC 10-3107] analyzing entity 'diviseurClk'
INFO: [VRFC 10-163] Analyzing VHDL file "/home/ave9761/git_perso/2a/archi/vivado/diviseur_clk/diviseur_clk.srcs/sources_1/imports/diviseurClk/diviseurClk_tb.vhd" into library xil_defaultlib
INFO: [VRFC 10-3107] analyzing entity 'diviseurClk_tb'
INFO: [USF-XSim-69] 'compile' step finished in '1' seconds
INFO: [USF-XSim-3] XSim::Elaborate design
INFO: [USF-XSim-61] Executing 'ELABORATE' step in '/home/ave9761/git_perso/2a/archi/vivado/diviseur_clk/diviseur_clk.sim/sim_1/behav/xsim'
xelab -wto ed24c3f2036d49c6a26d5ffcad99a4da --incr --debug typical --relax --mt 8 -L xil_defaultlib -L secureip --snapshot diviseurClk_tb_behav xil_defaultlib.diviseurClk_tb -log elaborate.log
Vivado Simulator 2019.2
Copyright 1986-1999, 2001-2019 Xilinx, Inc. All Rights Reserved.
Running: /mnt/n7fs/applications/2025/vivado-2019/Vivado/2019.2/bin/unwrapped/lnx64.o/xelab -wto ed24c3f2036d49c6a26d5ffcad99a4da --incr --debug typical --relax --mt 8 -L xil_defaultlib -L secureip --snapshot diviseurClk_tb_behav xil_defaultlib.diviseurClk_tb -log elaborate.log 
Using 8 slave threads.
Starting static elaboration
Completed static elaboration
Starting simulation data flow analysis
Completed simulation data flow analysis
Time Resolution for simulation is 1ps
Compiling package std.standard
Compiling package std.textio
Compiling package ieee.std_logic_1164
Compiling architecture behavioural of entity xil_defaultlib.diviseurClk [\diviseurClk(facteur=10)\]
Compiling architecture behavioral of entity xil_defaultlib.diviseurclk_tb
Built simulation snapshot diviseurClk_tb_behav

****** Webtalk v2019.2 (64-bit)
  **** SW Build 2708876 on Wed Nov  6 21:39:14 MST 2019
  **** IP Build 2700528 on Thu Nov  7 00:09:20 MST 2019
    ** Copyright 1986-2019 Xilinx, Inc. All Rights Reserved.

source /home/ave9761/git_perso/2a/archi/vivado/diviseur_clk/diviseur_clk.sim/sim_1/behav/xsim/xsim.dir/diviseurClk_tb_behav/webtalk/xsim_webtalk.tcl -notrace
INFO: [Common 17-206] Exiting Webtalk at Tue Oct  7 15:32:38 2025...
INFO: [USF-XSim-69] 'elaborate' step finished in '1' seconds
INFO: [USF-XSim-4] XSim::Simulate design
INFO: [USF-XSim-61] Executing 'SIMULATE' step in '/home/ave9761/git_perso/2a/archi/vivado/diviseur_clk/diviseur_clk.sim/sim_1/behav/xsim'
INFO: [USF-XSim-98] *** Running xsim
   with args "diviseurClk_tb_behav -key {Behavioral:sim_1:Functional:diviseurClk_tb} -tclbatch {diviseurClk_tb.tcl} -log {simulate.log}"
INFO: [USF-XSim-8] Loading simulator feature
Vivado Simulator 2019.2
Time resolution is 1 ps
source diviseurClk_tb.tcl
# set curr_wave [current_wave_config]
# if { [string length $curr_wave] == 0 } {
#   if { [llength [get_objects]] > 0} {
#     add_wave /
#     set_property needs_save false [current_wave_config]
#   } else {
#      send_msg_id Add_Wave-1 WARNING "No top level signals found. Simulator will start without a wave window. If you want to open a wave window go to 'File->New Waveform Configuration' or type 'create_wave_config' in the TCL console."
#   }
# }
# run 1000ns
INFO: [USF-XSim-96] XSim completed. Design snapshot 'diviseurClk_tb_behav' loaded.
INFO: [USF-XSim-97] XSim simulation ran for 1000ns
close_sim
INFO: [Simtcl 6-16] Simulation closed
launch_simulation
Command: launch_simulation 
INFO: [Vivado 12-5682] Launching behavioral simulation in '/home/ave9761/git_perso/2a/archi/vivado/diviseur_clk/diviseur_clk.sim/sim_1/behav/xsim'
INFO: [SIM-utils-51] Simulation object is 'sim_1'
INFO: [SIM-utils-54] Inspecting design source files for 'diviseurClk_tb' in fileset 'sim_1'...
INFO: [USF-XSim-97] Finding global include files...
INFO: [USF-XSim-98] Fetching design files from 'sim_1'...
INFO: [USF-XSim-2] XSim::Compile design
INFO: [USF-XSim-61] Executing 'COMPILE and ANALYZE' step in '/home/ave9761/git_perso/2a/archi/vivado/diviseur_clk/diviseur_clk.sim/sim_1/behav/xsim'
xvhdl --incr --relax -prj diviseurClk_tb_vhdl.prj
INFO: [VRFC 10-163] Analyzing VHDL file "/home/ave9761/git_perso/2a/archi/vivado/diviseur_clk/diviseur_clk.srcs/sources_1/imports/diviseurClk/diviseurClk.vhd" into library xil_defaultlib
INFO: [VRFC 10-3107] analyzing entity 'diviseurClk'
INFO: [USF-XSim-69] 'compile' step finished in '1' seconds
INFO: [USF-XSim-3] XSim::Elaborate design
INFO: [USF-XSim-61] Executing 'ELABORATE' step in '/home/ave9761/git_perso/2a/archi/vivado/diviseur_clk/diviseur_clk.sim/sim_1/behav/xsim'
xelab -wto ed24c3f2036d49c6a26d5ffcad99a4da --incr --debug typical --relax --mt 8 -L xil_defaultlib -L secureip --snapshot diviseurClk_tb_behav xil_defaultlib.diviseurClk_tb -log elaborate.log
Vivado Simulator 2019.2
Copyright 1986-1999, 2001-2019 Xilinx, Inc. All Rights Reserved.
Running: /mnt/n7fs/applications/2025/vivado-2019/Vivado/2019.2/bin/unwrapped/lnx64.o/xelab -wto ed24c3f2036d49c6a26d5ffcad99a4da --incr --debug typical --relax --mt 8 -L xil_defaultlib -L secureip --snapshot diviseurClk_tb_behav xil_defaultlib.diviseurClk_tb -log elaborate.log 
Using 8 slave threads.
Starting static elaboration
Completed static elaboration
Starting simulation data flow analysis
Completed simulation data flow analysis
Time Resolution for simulation is 1ps
Compiling package std.standard
Compiling package std.textio
Compiling package ieee.std_logic_1164
Compiling architecture behavioural of entity xil_defaultlib.diviseurClk [\diviseurClk(facteur=10)\]
Compiling architecture behavioral of entity xil_defaultlib.diviseurclk_tb
Built simulation snapshot diviseurClk_tb_behav
INFO: [USF-XSim-69] 'elaborate' step finished in '1' seconds
INFO: [USF-XSim-4] XSim::Simulate design
INFO: [USF-XSim-61] Executing 'SIMULATE' step in '/home/ave9761/git_perso/2a/archi/vivado/diviseur_clk/diviseur_clk.sim/sim_1/behav/xsim'
INFO: [USF-XSim-98] *** Running xsim
   with args "diviseurClk_tb_behav -key {Behavioral:sim_1:Functional:diviseurClk_tb} -tclbatch {diviseurClk_tb.tcl} -log {simulate.log}"
INFO: [USF-XSim-8] Loading simulator feature
Vivado Simulator 2019.2
Time resolution is 1 ps
source diviseurClk_tb.tcl
# set curr_wave [current_wave_config]
# if { [string length $curr_wave] == 0 } {
#   if { [llength [get_objects]] > 0} {
#     add_wave /
#     set_property needs_save false [current_wave_config]
#   } else {
#      send_msg_id Add_Wave-1 WARNING "No top level signals found. Simulator will start without a wave window. If you want to open a wave window go to 'File->New Waveform Configuration' or type 'create_wave_config' in the TCL console."
#   }
# }
# run 1000ns
INFO: [USF-XSim-96] XSim completed. Design snapshot 'diviseurClk_tb_behav' loaded.
INFO: [USF-XSim-97] XSim simulation ran for 1000ns
close_sim
INFO: [Simtcl 6-16] Simulation closed
exit
INFO: [Common 17-206] Exiting Vivado at Tue Oct  7 15:44:00 2025...
